BL51 BANKED LINKER/LOCATER V6.22.2.0                                                    05/04/2020  08:49:08  PAGE 1


BL51 BANKED LINKER/LOCATER V6.22.2.0, INVOKED BY:
C:\KEIL_V5\C51\BIN\BL51.EXE .\Objects\main.obj TO .\Objects\Test008 PRINT (.\Listings\Test008.m51)


MEMORY MODEL: SMALL


INPUT MODULES INCLUDED:
  .\Objects\main.obj (MAIN)
  C:\KEIL_V5\C51\LIB\C51S.LIB (?C_STARTUP)
  C:\KEIL_V5\C51\LIB\C51S.LIB (?C?CLDOPTR)
  C:\KEIL_V5\C51\LIB\C51S.LIB (?C?IMUL)
  C:\KEIL_V5\C51\LIB\C51S.LIB (?C?SIDIV)
  C:\KEIL_V5\C51\LIB\C51S.LIB (?C?CCASE)
  C:\KEIL_V5\C51\LIB\C51S.LIB (STRLEN)
  C:\KEIL_V5\C51\LIB\C51S.LIB (?C?CLDPTR)
  C:\KEIL_V5\C51\LIB\C51S.LIB (?C?UIDIV)


LINK MAP OF MODULE:  .\Objects\Test008 (MAIN)


            TYPE    BASE      LENGTH    RELOCATION   SEGMENT NAME
            -----------------------------------------------------

            * * * * * * *   D A T A   M E M O R Y   * * * * * * *
            REG     0000H     0008H     ABSOLUTE     "REG BANK 0"
            DATA    0008H     000CH     UNIT         _DATA_GROUP_
            IDATA   0014H     0001H     UNIT         ?STACK

            * * * * * * *   C O D E   M E M O R Y   * * * * * * *
            CODE    0000H     0003H     ABSOLUTE     
                    0003H     07FDH                  *** GAP ***
            CODE    0800H     0109H     UNIT         ?C?LIB_CODE
            CODE    0909H     00E3H     UNIT         ?PR?READ_SWITCHES?MAIN
            CODE    09ECH     00D7H     UNIT         ?PR?MAIN?MAIN
            CODE    0AC3H     006AH     UNIT         ?PR?_GET_NUM?MAIN
            CODE    0B2DH     0048H     UNIT         ?PR?LCDINIT?MAIN
            CODE    0B75H     0047H     UNIT         ?PR?_DISP_NUM?MAIN
            CODE    0BBCH     003DH     UNIT         ?PR?_WRITELINE?MAIN
            CODE    0BF9H     0032H     UNIT         ?PR?_GET_FUNC?MAIN
            CODE    0C2BH     002FH     UNIT         ?PR?_DISPERROR?MAIN
            CODE    0C5AH     002CH     UNIT         ?CO?MAIN
            CODE    0C86H     001CH     UNIT         ?PR?_DELAY?MAIN
            CODE    0CA2H     0016H     UNIT         ?PR?_WRITECMD?MAIN
            CODE    0CB8H     0015H     UNIT         ?PR?_STRLEN?STRLEN
            CODE    0CCDH     0012H     UNIT         ?PR?_WRITEDATA?MAIN
            CODE    0CDFH     000EH     UNIT         ?PR?RETURNHOME?MAIN
            CODE    0CEDH     000CH     UNIT         ?C_C51STARTUP
            CODE    0CF9H     000BH     UNIT         ?PR?CCT_INIT?MAIN
            CODE    0D04H     000BH     UNIT         ?PR?GET_KEY?MAIN



OVERLAY MAP OF MODULE:   .\Objects\Test008 (MAIN)


SEGMENT                          DATA_GROUP 
BL51 BANKED LINKER/LOCATER V6.22.2.0                                                  05/04/2020  08:49:08  PAGE 2


  +--> CALLED SEGMENT          START    LENGTH
----------------------------------------------
?C_C51STARTUP                  -----    -----
  +--> ?PR?MAIN?MAIN

?PR?MAIN?MAIN                  0008H    0006H
  +--> ?PR?CCT_INIT?MAIN
  +--> ?PR?LCDINIT?MAIN
  +--> ?PR?GET_KEY?MAIN
  +--> ?PR?_WRITECMD?MAIN
  +--> ?PR?_WRITEDATA?MAIN
  +--> ?PR?_GET_NUM?MAIN
  +--> ?PR?_GET_FUNC?MAIN
  +--> ?PR?_DISPERROR?MAIN
  +--> ?PR?_DISP_NUM?MAIN

?PR?LCDINIT?MAIN               -----    -----
  +--> ?PR?_DELAY?MAIN
  +--> ?PR?_WRITECMD?MAIN

?PR?_WRITECMD?MAIN             -----    -----
  +--> ?PR?_DELAY?MAIN

?PR?GET_KEY?MAIN               -----    -----
  +--> ?PR?READ_SWITCHES?MAIN

?PR?READ_SWITCHES?MAIN         -----    -----
  +--> ?PR?_DELAY?MAIN

?PR?_WRITEDATA?MAIN            -----    -----
  +--> ?PR?_DELAY?MAIN

?PR?_GET_NUM?MAIN              -----    -----
  +--> ?PR?_WRITECMD?MAIN
  +--> ?PR?_DISPERROR?MAIN

?PR?_DISPERROR?MAIN            -----    -----
  +--> ?PR?_WRITECMD?MAIN
  +--> ?CO?MAIN
  +--> ?PR?_WRITELINE?MAIN

?PR?_WRITELINE?MAIN            000FH    0005H
  +--> ?PR?_STRLEN?STRLEN
  +--> ?PR?_WRITEDATA?MAIN
  +--> ?PR?RETURNHOME?MAIN

?PR?RETURNHOME?MAIN            -----    -----
  +--> ?PR?_WRITECMD?MAIN
  +--> ?PR?_DELAY?MAIN

?PR?_GET_FUNC?MAIN             000EH    0001H
  +--> ?PR?_WRITECMD?MAIN
  +--> ?PR?_DISPERROR?MAIN

?PR?_DISP_NUM?MAIN             000EH    0001H
  +--> ?PR?_WRITEDATA?MAIN

BL51 BANKED LINKER/LOCATER V6.22.2.0                                                  05/04/2020  08:49:08  PAGE 3




SYMBOL TABLE OF MODULE:  .\Objects\Test008 (MAIN)

  VALUE           TYPE          NAME
  ----------------------------------

  -------         MODULE        MAIN
  C:0000H         SYMBOL        _ICE_DUMMY_
  D:0080H         PUBLIC        P0
  D:0090H         PUBLIC        P1
  D:00A0H         PUBLIC        P2
  D:00B0H         PUBLIC        P3
  C:0CDFH         PUBLIC        ReturnHome
  C:0C8AH         PUBLIC        _delay
  C:0C2BH         PUBLIC        _DispError
  B:00B0H.7       PUBLIC        RS
  C:09ECH         PUBLIC        main
  B:00B0H.6       PUBLIC        E
  C:0CCDH         PUBLIC        _writedata
  C:0BF9H         PUBLIC        _get_func
  C:0CF9H         PUBLIC        cct_init
  C:0BBCH         PUBLIC        _writeline
  C:0B75H         PUBLIC        _disp_num
  C:0CA6H         PUBLIC        _writecmd
  C:0909H         PUBLIC        READ_SWITCHES
  C:0B2DH         PUBLIC        lcdinit
  C:0D04H         PUBLIC        get_key
  B:0090H.4       PUBLIC        C1
  C:0AC3H         PUBLIC        _get_num
  B:0090H.5       PUBLIC        C2
  B:0090H.6       PUBLIC        C3
  B:0090H.7       PUBLIC        C4
  B:0090H.0       PUBLIC        RowA
  B:0090H.1       PUBLIC        RowB
  B:0090H.2       PUBLIC        RowC
  B:0090H.3       PUBLIC        RowD
  -------         PROC          MAIN
  -------         DO            
  D:0008H         SYMBOL        key
  D:0009H         SYMBOL        num1
  D:000BH         SYMBOL        func
  D:000CH         SYMBOL        num2
  -------         ENDDO         
  C:09ECH         LINE#         34
  C:09ECH         LINE#         35
  C:09ECH         LINE#         37
  C:09F1H         LINE#         38
  C:09F4H         LINE#         39
  C:09F8H         LINE#         41
  C:09FBH         LINE#         42
  C:09FEH         LINE#         44
  C:09FEH         LINE#         45
  C:09FEH         LINE#         46
  C:0A03H         LINE#         47
  C:0A06H         LINE#         48
  C:0A0BH         LINE#         49
BL51 BANKED LINKER/LOCATER V6.22.2.0                                                  05/04/2020  08:49:08  PAGE 4


  C:0A14H         LINE#         50
  C:0A1CH         LINE#         51
  C:0A1CH         LINE#         52
  C:0A21H         LINE#         53
  C:0A24H         LINE#         54
  C:0A2BH         LINE#         55
  C:0A31H         LINE#         56
  C:0A31H         LINE#         57
  C:0A36H         LINE#         58
  C:0A39H         LINE#         59
  C:0A42H         LINE#         60
  C:0A4AH         LINE#         61
  C:0A4AH         LINE#         62
  C:0A4FH         LINE#         63
  C:0A52H         LINE#         64
  C:0A58H         LINE#         65
  C:0A58H         LINE#         67
  C:0A6AH         LINE#         68
  C:0A6AH         LINE#         69
  C:0A75H         LINE#         70
  C:0A82H         LINE#         71
  C:0A8FH         LINE#         72
  C:0A9EH         LINE#         73
  C:0AAFH         LINE#         74
  C:0AAFH         LINE#         75
  C:0AAFH         LINE#         77
  C:0AAFH         LINE#         78
  C:0AB4H         LINE#         79
  C:0AB4H         LINE#         80
  C:0AB7H         LINE#         81
  C:0ABAH         LINE#         83
  C:0ABAH         LINE#         84
  C:0AC0H         LINE#         85
  C:0AC0H         LINE#         86
  C:0AC0H         LINE#         87
  C:0AC0H         LINE#         88
  C:0AC0H         LINE#         89
  C:0AC0H         LINE#         90
  -------         ENDPROC       MAIN
  -------         PROC          CCT_INIT
  C:0CF9H         LINE#         93
  C:0CF9H         LINE#         94
  C:0CF9H         LINE#         95
  C:0CFCH         LINE#         96
  C:0CFFH         LINE#         97
  C:0D01H         LINE#         98
  C:0D03H         LINE#         99
  -------         ENDPROC       CCT_INIT
  C:0C86H         SYMBOL        L?0119
  -------         PROC          L?0118
  -------         ENDPROC       L?0118
  C:0C86H         SYMBOL        L?0119
  -------         PROC          _DELAY
  D:0006H         SYMBOL        a
  -------         DO            
  D:0004H         SYMBOL        i
  -------         ENDDO         
BL51 BANKED LINKER/LOCATER V6.22.2.0                                                  05/04/2020  08:49:08  PAGE 5


  C:0C8AH         LINE#         101
  C:0C8AH         LINE#         102
  C:0C8AH         LINE#         104
  C:0CA1H         LINE#         105
  -------         ENDPROC       _DELAY
  -------         PROC          _WRITEDATA
  D:0007H         SYMBOL        t
  C:0CCDH         LINE#         107
  C:0CCDH         LINE#         108
  C:0CCDH         LINE#         109
  C:0CCFH         LINE#         110
  C:0CD1H         LINE#         111
  C:0CD3H         LINE#         112
  C:0CDAH         LINE#         113
  C:0CDCH         LINE#         114
  -------         ENDPROC       _WRITEDATA
  C:0CA2H         SYMBOL        L?0121
  -------         PROC          L?0120
  -------         ENDPROC       L?0120
  C:0CA2H         SYMBOL        L?0121
  -------         PROC          _WRITECMD
  D:0006H         SYMBOL        z
  C:0CA6H         LINE#         118
  C:0CA6H         LINE#         119
  C:0CA6H         LINE#         120
  C:0CA8H         LINE#         121
  C:0CAAH         LINE#         122
  C:0CACH         LINE#         123
  C:0CB3H         LINE#         124
  C:0CB5H         LINE#         125
  -------         ENDPROC       _WRITECMD
  -------         PROC          LCDINIT
  C:0B2DH         LINE#         128
  C:0B2DH         LINE#         129
  C:0B2DH         LINE#         130
  C:0B34H         LINE#         131
  C:0B3BH         LINE#         132
  C:0B42H         LINE#         133
  C:0B49H         LINE#         134
  C:0B50H         LINE#         135
  C:0B56H         LINE#         136
  C:0B5DH         LINE#         137
  C:0B64H         LINE#         138
  C:0B6BH         LINE#         139
  C:0B6EH         LINE#         140
  -------         ENDPROC       LCDINIT
  -------         PROC          RETURNHOME
  C:0CDFH         LINE#         143
  C:0CDFH         LINE#         144
  C:0CDFH         LINE#         145
  C:0CE6H         LINE#         146
  -------         ENDPROC       RETURNHOME
  -------         PROC          _WRITELINE
  D:000FH         SYMBOL        Line
  -------         DO            
  D:0012H         SYMBOL        i
  -------         ENDDO         
BL51 BANKED LINKER/LOCATER V6.22.2.0                                                  05/04/2020  08:49:08  PAGE 6


  C:0BBCH         LINE#         149
  C:0BC2H         LINE#         150
  C:0BC2H         LINE#         152
  C:0BD9H         LINE#         153
  C:0BD9H         LINE#         154
  C:0BECH         LINE#         155
  C:0BF6H         LINE#         156
  -------         ENDPROC       _WRITELINE
  -------         PROC          READ_SWITCHES
  C:0909H         LINE#         159
  C:0909H         LINE#         160
  C:0909H         LINE#         161
  C:0911H         LINE#         163
  C:091DH         LINE#         164
  C:0929H         LINE#         165
  C:0935H         LINE#         166
  C:0941H         LINE#         168
  C:0949H         LINE#         170
  C:0955H         LINE#         171
  C:0961H         LINE#         172
  C:096DH         LINE#         173
  C:0979H         LINE#         175
  C:0981H         LINE#         177
  C:098DH         LINE#         178
  C:0999H         LINE#         179
  C:09A5H         LINE#         180
  C:09B1H         LINE#         182
  C:09B9H         LINE#         184
  C:09C5H         LINE#         185
  C:09D1H         LINE#         186
  C:09DDH         LINE#         187
  C:09E9H         LINE#         189
  C:09EBH         LINE#         190
  -------         ENDPROC       READ_SWITCHES
  -------         PROC          GET_KEY
  -------         DO            
  D:0007H         SYMBOL        key
  -------         ENDDO         
  C:0D04H         LINE#         192
  C:0D04H         LINE#         193
  C:0D04H         LINE#         194
  C:0D06H         LINE#         196
  C:0D09H         LINE#         197
  C:0D0EH         LINE#         198
  C:0D0EH         LINE#         199
  -------         ENDPROC       GET_KEY
  -------         PROC          _GET_NUM
  D:0007H         SYMBOL        ch
  C:0AC3H         LINE#         201
  C:0AC3H         LINE#         202
  C:0AC3H         LINE#         203
  C:0AECH         LINE#         204
  C:0AECH         LINE#         205
  C:0AF0H         LINE#         206
  C:0AF5H         LINE#         207
  C:0AFAH         LINE#         208
  C:0AFFH         LINE#         209
BL51 BANKED LINKER/LOCATER V6.22.2.0                                                  05/04/2020  08:49:08  PAGE 7


  C:0B04H         LINE#         210
  C:0B09H         LINE#         211
  C:0B0EH         LINE#         212
  C:0B13H         LINE#         213
  C:0B18H         LINE#         214
  C:0B1DH         LINE#         215
  C:0B22H         LINE#         216
  C:0B2CH         LINE#         217
  C:0B2CH         LINE#         218
  -------         ENDPROC       _GET_NUM
  -------         PROC          _GET_FUNC
  D:000EH         SYMBOL        chf
  C:0BF9H         LINE#         220
  C:0BFBH         LINE#         221
  C:0BFBH         LINE#         222
  C:0C00H         LINE#         223
  C:0C00H         LINE#         224
  C:0C03H         LINE#         225
  C:0C06H         LINE#         226
  C:0C06H         LINE#         228
  C:0C1EH         LINE#         229
  C:0C1EH         LINE#         230
  C:0C25H         LINE#         231
  C:0C28H         LINE#         232
  C:0C28H         LINE#         234
  C:0C2AH         LINE#         235
  -------         ENDPROC       _GET_FUNC
  -------         PROC          _DISPERROR
  D:0002H         SYMBOL        numb
  C:0C2BH         LINE#         238
  C:0C2FH         LINE#         239
  C:0C2FH         LINE#         240
  C:0C32H         LINE#         241
  C:0C3EH         LINE#         242
  C:0C3EH         LINE#         243
  C:0C40H         LINE#         244
  C:0C48H         LINE#         245
  C:0C50H         LINE#         246
  C:0C59H         LINE#         247
  C:0C59H         LINE#         248
  -------         ENDPROC       _DISPERROR
  -------         PROC          _DISP_NUM
  D:0002H         SYMBOL        numb
  -------         DO            
  D:000EH         SYMBOL        UnitDigit
  D:0001H         SYMBOL        TenthDigit
  -------         ENDDO         
  C:0B75H         LINE#         250
  C:0B79H         LINE#         251
  C:0B79H         LINE#         252
  C:0B7CH         LINE#         253
  C:0B7DH         LINE#         255
  C:0B85H         LINE#         256
  C:0B85H         LINE#         257
  C:0B90H         LINE#         258
  C:0B95H         LINE#         259
  C:0B95H         LINE#         261
BL51 BANKED LINKER/LOCATER V6.22.2.0                                                  05/04/2020  08:49:08  PAGE 8


  C:0BA2H         LINE#         263
  C:0BA5H         LINE#         264
  C:0BABH         LINE#         266
  C:0BB6H         LINE#         268
  -------         ENDPROC       _DISP_NUM
  -------         ENDMOD        MAIN

  -------         MODULE        ?C?CLDOPTR
  C:0800H         PUBLIC        ?C?CLDOPTR
  -------         ENDMOD        ?C?CLDOPTR

  -------         MODULE        ?C?IMUL
  C:082DH         PUBLIC        ?C?IMUL
  -------         ENDMOD        ?C?IMUL

  -------         MODULE        ?C?SIDIV
  C:083FH         PUBLIC        ?C?SIDIV
  -------         ENDMOD        ?C?SIDIV

  -------         MODULE        ?C?CCASE
  C:0875H         PUBLIC        ?C?CCASE
  -------         ENDMOD        ?C?CCASE

  -------         MODULE        STRLEN
  C:0CB8H         PUBLIC        _STRLEN
  -------         ENDMOD        STRLEN

  -------         MODULE        ?C?CLDPTR
  C:089BH         PUBLIC        ?C?CLDPTR
  -------         ENDMOD        ?C?CLDPTR

  -------         MODULE        ?C?UIDIV
  C:08B4H         PUBLIC        ?C?UIDIV
  -------         ENDMOD        ?C?UIDIV

******************************************************************************
* RESTRICTED VERSION WITH 0800H BYTE CODE SIZE LIMIT; USED: 03E5H BYTE (48%) *
******************************************************************************

Program Size: data=21.0 xdata=0 code=1298
LINK/LOCATE RUN COMPLETE.  0 WARNING(S),  0 ERROR(S)
