BL51 BANKED LINKER/LOCATER V6.22.2.0                                                    04/20/2020  09:18:20  PAGE 1


BL51 BANKED LINKER/LOCATER V6.22.2.0, INVOKED BY:
C:\KEIL_V5\C51\BIN\BL51.EXE .\Objects\main.obj TO .\Objects\Test002 PRINT (.\Listings\Test002.m51)


MEMORY MODEL: SMALL


INPUT MODULES INCLUDED:
  .\Objects\main.obj (MAIN)
  C:\KEIL_V5\C51\LIB\C51S.LIB (?C_STARTUP)
  C:\KEIL_V5\C51\LIB\C51S.LIB (?C_INIT)


LINK MAP OF MODULE:  .\Objects\Test002 (MAIN)


            TYPE    BASE      LENGTH    RELOCATION   SEGMENT NAME
            -----------------------------------------------------

            * * * * * * *   D A T A   M E M O R Y   * * * * * * *
            REG     0000H     0008H     ABSOLUTE     "REG BANK 0"
            DATA    0008H     000AH     UNIT         ?DT?MAIN
            DATA    0012H     0006H     UNIT         _DATA_GROUP_
            IDATA   0018H     0001H     UNIT         ?STACK

            * * * * * * *   C O D E   M E M O R Y   * * * * * * *
            CODE    0000H     0003H     ABSOLUTE     
                    0003H     07FDH                  *** GAP ***
            CODE    0800H     008CH     UNIT         ?C_C51STARTUP
            CODE    088CH     0080H     UNIT         ?PR?_SHOW?MAIN
            CODE    090CH     005FH     UNIT         ?PR?MAIN?MAIN
            CODE    096BH     0027H     UNIT         ?PR?_DELAY_MS?MAIN
            CODE    0992H     000DH     UNIT         ?C_INITSEG



OVERLAY MAP OF MODULE:   .\Objects\Test002 (MAIN)


SEGMENT                          DATA_GROUP 
  +--> CALLED SEGMENT          START    LENGTH
----------------------------------------------
?C_C51STARTUP                  -----    -----
  +--> ?PR?MAIN?MAIN
  +--> ?C_INITSEG

?PR?MAIN?MAIN                  0012H    0003H
  +--> ?PR?_SHOW?MAIN

?PR?_SHOW?MAIN                 0015H    0003H
  +--> ?PR?_DELAY_MS?MAIN



SYMBOL TABLE OF MODULE:  .\Objects\Test002 (MAIN)

  VALUE           TYPE          NAME
  ----------------------------------
BL51 BANKED LINKER/LOCATER V6.22.2.0                                                  04/20/2020  09:18:20  PAGE 2



  -------         MODULE        MAIN
  C:0000H         SYMBOL        _ICE_DUMMY_
  D:0080H         PUBLIC        P0
  B:00A0H.0       PUBLIC        P2_0
  B:00B0H.0       PUBLIC        P3_0
  B:00A0H.1       PUBLIC        P2_1
  B:00A0H.2       PUBLIC        P2_2
  B:00A0H.3       PUBLIC        P2_3
  B:00A0H.4       PUBLIC        P2_4
  B:00A0H.5       PUBLIC        P2_5
  B:00B0H.6       PUBLIC        P3_6
  B:00B0H.7       PUBLIC        P3_7
  C:090CH         PUBLIC        main
  D:0089H         PUBLIC        TMOD
  C:088CH         PUBLIC        _show
  B:0088H.5       PUBLIC        TF0
  D:008CH         PUBLIC        TH0
  D:008AH         PUBLIC        TL0
  D:0008H         PUBLIC        num
  C:0973H         PUBLIC        _delay_ms
  B:0088H.4       PUBLIC        TR0
  C:096BH         SYMBOL        L?0022
  C:096FH         SYMBOL        L?0023
  -------         PROC          L?0021
  -------         ENDPROC       L?0021
  C:096BH         SYMBOL        L?0022
  C:096FH         SYMBOL        L?0023
  -------         PROC          _DELAY_MS
  D:0006H         SYMBOL        ms
  C:0973H         LINE#         13
  C:0973H         LINE#         14
  C:0973H         LINE#         15
  C:097DH         LINE#         16
  C:097DH         LINE#         17
  C:0980H         LINE#         18
  C:0983H         LINE#         19
  C:0986H         LINE#         20
  C:0988H         LINE#         21
  C:098BH         LINE#         22
  C:098DH         LINE#         23
  C:098FH         LINE#         24
  C:0991H         LINE#         25
  -------         ENDPROC       _DELAY_MS
  -------         PROC          _SHOW
  D:0007H         SYMBOL        hour
  D:0005H         SYMBOL        min
  D:0003H         SYMBOL        sec
  -------         DO            
  D:0015H         SYMBOL        h1
  D:0016H         SYMBOL        h2
  D:0017H         SYMBOL        m1
  D:0001H         SYMBOL        m2
  D:0005H         SYMBOL        s1
  D:0003H         SYMBOL        s2
  D:0002H         SYMBOL        i
  -------         ENDDO         
BL51 BANKED LINKER/LOCATER V6.22.2.0                                                  04/20/2020  09:18:20  PAGE 3


  C:088CH         LINE#         26
  C:088CH         LINE#         27
  C:088CH         LINE#         29
  C:089BH         LINE#         30
  C:08A9H         LINE#         31
  C:08B6H         LINE#         32
  C:08C2H         LINE#         33
  C:08C2H         LINE#         34
  C:08C5H         LINE#         35
  C:08D0H         LINE#         36
  C:08DBH         LINE#         37
  C:08E6H         LINE#         38
  C:08F0H         LINE#         39
  C:08FAH         LINE#         40
  C:0904H         LINE#         41
  C:0907H         LINE#         42
  C:090BH         LINE#         43
  -------         ENDPROC       _SHOW
  -------         PROC          MAIN
  -------         DO            
  D:0012H         SYMBOL        hour
  D:0013H         SYMBOL        min
  D:0014H         SYMBOL        sec
  -------         ENDDO         
  C:090CH         LINE#         44
  C:090CH         LINE#         45
  C:090CH         LINE#         46
  C:0913H         LINE#         47
  C:0915H         LINE#         48
  C:0915H         LINE#         49
  C:0915H         LINE#         50
  C:0917H         LINE#         51
  C:0919H         LINE#         52
  C:0922H         LINE#         53
  C:092DH         LINE#         54
  C:0935H         LINE#         55
  C:093AH         LINE#         56
  C:093FH         LINE#         57
  C:094DH         LINE#         58
  C:095BH         LINE#         59
  C:0969H         LINE#         60
  -------         ENDPROC       MAIN
  -------         ENDMOD        MAIN

******************************************************************************
* RESTRICTED VERSION WITH 0800H BYTE CODE SIZE LIMIT; USED: 0112H BYTE (13%) *
******************************************************************************

Program Size: data=25.0 xdata=0 code=418
LINK/LOCATE RUN COMPLETE.  0 WARNING(S),  0 ERROR(S)
