BL51 BANKED LINKER/LOCATER V6.22.2.0                                                    04/19/2020  19:35:27  PAGE 1


BL51 BANKED LINKER/LOCATER V6.22.2.0, INVOKED BY:
C:\KEIL_V5\C51\BIN\BL51.EXE .\Objects\18520381_Chapter2_Part5_1.obj, .\Objects\18520381_Chapter2_Part5_2.obj, .\Objects\
>> 18520381_Chapter2_Part5_3.obj, .\Objects\18520381_Chapter2_Part5_4.obj TO .\Objects\Test004 PRINT (.\Listings\Test004
>> .m51)


INPUT MODULES INCLUDED:
  .\Objects\18520381_Chapter2_Part5_1.obj (18520381_CHAPTER2_PART5_1)
  .\Objects\18520381_Chapter2_Part5_2.obj (18520381_CHAPTER2_PART5_2)
  .\Objects\18520381_Chapter2_Part5_3.obj (18520381_CHAPTER2_PART5_3)
  .\Objects\18520381_Chapter2_Part5_4.obj (18520381_CHAPTER2_PART5_4)


LINK MAP OF MODULE:  .\Objects\Test004 (18520381_CHAPTER2_PART5_1)


            TYPE    BASE      LENGTH    RELOCATION   SEGMENT NAME
            -----------------------------------------------------

            * * * * * * *   D A T A   M E M O R Y   * * * * * * *
            REG     0000H     0008H     ABSOLUTE     "REG BANK 0"

            * * * * * * *   C O D E   M E M O R Y   * * * * * * *
            CODE    0000H     003DH     ABSOLUTE     
* OVERLAP * CODE    0000H     0047H     ABSOLUTE     
* OVERLAP * CODE    0000H     0050H     ABSOLUTE     
* OVERLAP * CODE    0000H     0040H     ABSOLUTE     



SYMBOL TABLE OF MODULE:  .\Objects\Test004 (18520381_CHAPTER2_PART5_1)

  VALUE           TYPE          NAME
  ----------------------------------

  -------         MODULE        18520381_CHAPTER2_PART5_1
  D:00A8H         SYMBOL        IE
  C:0030H         SYMBOL        MAIN
  D:00A0H         SYMBOL        P2
  D:008CH         SYMBOL        TH0
  D:0089H         SYMBOL        TMOD
  B:0088H.4       SYMBOL        TR0
  C:0000H         LINE#         2
  C:000BH         LINE#         4
  C:000DH         LINE#         5
  C:0030H         LINE#         8
  C:0033H         LINE#         9
  C:0036H         LINE#         10
  C:0038H         LINE#         11
  C:003BH         LINE#         12
  -------         ENDMOD        18520381_CHAPTER2_PART5_1

  -------         MODULE        18520381_CHAPTER2_PART5_2
  D:00A8H         SYMBOL        IE
  C:0030H         SYMBOL        MAIN
  D:0090H         SYMBOL        P1
  C:0042H         SYMBOL        T1ISR
  B:0088H.7       SYMBOL        TF1
BL51 BANKED LINKER/LOCATER V6.22.2.0                                                  04/19/2020  19:35:27  PAGE 2


  D:008CH         SYMBOL        TH0
  D:008DH         SYMBOL        TH1
  D:0089H         SYMBOL        TMOD
  C:003FH         SYMBOL        TOISR
  B:0088H.4       SYMBOL        TR0
  B:0088H.6       SYMBOL        TR1
  C:0000H         LINE#         2
  C:000BH         LINE#         4
  C:001BH         LINE#         6
  C:0030H         LINE#         8
  C:0033H         LINE#         9
  C:0036H         LINE#         10
  C:0038H         LINE#         11
  C:003AH         LINE#         12
  C:003DH         LINE#         13
  C:003FH         LINE#         14
  C:0041H         LINE#         15
  C:0042H         LINE#         16
  C:0044H         LINE#         17
  -------         ENDMOD        18520381_CHAPTER2_PART5_2

  -------         MODULE        18520381_CHAPTER2_PART5_3
  D:00A8H         SYMBOL        IE
  C:0030H         SYMBOL        MAIN
  D:0090H         SYMBOL        P1
  D:0099H         SYMBOL        SBUF
  D:0098H         SYMBOL        SCON
  C:004AH         SYMBOL        SKIP
  C:0045H         SYMBOL        SPISR
  D:008DH         SYMBOL        TH1
  B:0098H.1       SYMBOL        TI
  D:0089H         SYMBOL        TMOD
  C:0042H         SYMBOL        TOISR
  B:0088H.6       SYMBOL        TR1
  C:0000H         LINE#         2
  C:0023H         LINE#         4
  C:0030H         LINE#         6
  C:0033H         LINE#         7
  C:0036H         LINE#         8
  C:0038H         LINE#         9
  C:003BH         LINE#         10
  C:003DH         LINE#         11
  C:0040H         LINE#         12
  C:0042H         LINE#         13
  C:0044H         LINE#         14
  C:0045H         LINE#         15
  C:0048H         LINE#         16
  C:004AH         LINE#         17
  C:004CH         LINE#         18
  C:004DH         LINE#         19
  C:004FH         LINE#         20
  -------         ENDMOD        18520381_CHAPTER2_PART5_3

  -------         MODULE        18520381_CHAPTER2_PART5_4
  C:0030H         SYMBOL        EX0ISR
  C:0013H         SYMBOL        EX1ISR
  D:00A8H         SYMBOL        IE
BL51 BANKED LINKER/LOCATER V6.22.2.0                                                  04/19/2020  19:35:27  PAGE 3


  B:0088H.0       SYMBOL        IT0
  B:0088H.2       SYMBOL        IT1
  C:0030H         SYMBOL        MAIN
  D:0090H         SYMBOL        P1
  D:00B0H         SYMBOL        P3
  C:003EH         SYMBOL        SKIP
  C:0000H         LINE#         2
  C:0030H         LINE#         4
  C:0032H         LINE#         5
  C:0013H         LINE#         7
  C:0015H         LINE#         8
  C:0030H         LINE#         10
  C:0033H         LINE#         11
  C:0035H         LINE#         12
  C:0037H         LINE#         13
  C:0039H         LINE#         14
  C:003CH         LINE#         15
  C:003EH         LINE#         16
  -------         ENDMOD        18520381_CHAPTER2_PART5_4

*** WARNING L5: CODE SPACE MEMORY OVERLAP
    FROM:    0000H
    TO:      003CH

*** WARNING L5: CODE SPACE MEMORY OVERLAP
    FROM:    0000H
    TO:      0046H

*** WARNING L5: CODE SPACE MEMORY OVERLAP
    FROM:    0000H
    TO:      004FH

******************************************************************************
* RESTRICTED VERSION WITH 0800H BYTE CODE SIZE LIMIT; USED: 0072H BYTE ( 5%) *
******************************************************************************

Program Size: data=8.0 xdata=0 code=276
LINK/LOCATE RUN COMPLETE.  3 WARNING(S),  0 ERROR(S)
