BL51 BANKED LINKER/LOCATER V6.22.2.0                                                    05/04/2020  07:48:15  PAGE 1


BL51 BANKED LINKER/LOCATER V6.22.2.0, INVOKED BY:
C:\KEIL_V5\C51\BIN\BL51.EXE .\Objects\main.obj TO .\Objects\Test007 PRINT (.\Listings\Test007.m51)


MEMORY MODEL: SMALL


INPUT MODULES INCLUDED:
  .\Objects\main.obj (MAIN)
  C:\KEIL_V5\C51\LIB\C51S.LIB (?C_STARTUP)
  C:\KEIL_V5\C51\LIB\C51S.LIB (?C_INIT)


LINK MAP OF MODULE:  .\Objects\Test007 (MAIN)


            TYPE    BASE      LENGTH    RELOCATION   SEGMENT NAME
            -----------------------------------------------------

            * * * * * * *   D A T A   M E M O R Y   * * * * * * *
            REG     0000H     0008H     ABSOLUTE     "REG BANK 0"
            DATA    0008H     000AH     UNIT         ?DT?MAIN
            DATA    0012H     0005H     UNIT         _DATA_GROUP_
            IDATA   0017H     0001H     UNIT         ?STACK

            * * * * * * *   C O D E   M E M O R Y   * * * * * * *
            CODE    0000H     0003H     ABSOLUTE     
                    0003H     07FDH                  *** GAP ***
            CODE    0800H     008CH     UNIT         ?C_C51STARTUP
            CODE    088CH     0065H     UNIT         ?PR?_SHOW?MAIN
            CODE    08F1H     0065H     UNIT         ?PR?MAIN?MAIN
            CODE    0956H     0026H     UNIT         ?PR?_DELAY_MS?MAIN
            CODE    097CH     000DH     UNIT         ?C_INITSEG



OVERLAY MAP OF MODULE:   .\Objects\Test007 (MAIN)


SEGMENT                          DATA_GROUP 
  +--> CALLED SEGMENT          START    LENGTH
----------------------------------------------
?C_C51STARTUP                  -----    -----
  +--> ?PR?MAIN?MAIN
  +--> ?C_INITSEG

?PR?MAIN?MAIN                  0012H    0003H
  +--> ?PR?_SHOW?MAIN
  +--> ?PR?_DELAY_MS?MAIN

?PR?_SHOW?MAIN                 0015H    0002H
  +--> ?PR?_DELAY_MS?MAIN



SYMBOL TABLE OF MODULE:  .\Objects\Test007 (MAIN)

  VALUE           TYPE          NAME
BL51 BANKED LINKER/LOCATER V6.22.2.0                                                  05/04/2020  07:48:15  PAGE 2


  ----------------------------------

  -------         MODULE        MAIN
  C:0000H         SYMBOL        _ICE_DUMMY_
  D:0080H         PUBLIC        P0
  B:00A0H.0       PUBLIC        P2_0
  B:00B0H.0       PUBLIC        P3_0
  B:00A0H.1       PUBLIC        P2_1
  B:00A0H.2       PUBLIC        P2_2
  B:00A0H.3       PUBLIC        P2_3
  B:00B0H.4       PUBLIC        P3_4
  B:00B0H.5       PUBLIC        P3_5
  B:00B0H.6       PUBLIC        P3_6
  B:00B0H.7       PUBLIC        P3_7
  C:08F1H         PUBLIC        main
  C:088CH         PUBLIC        _show
  D:0008H         PUBLIC        num
  C:0956H         PUBLIC        _delay_ms
  -------         PROC          _DELAY_MS
  D:0006H         SYMBOL        ms
  -------         DO            
  D:0004H         SYMBOL        i
  D:0002H         SYMBOL        j
  -------         ENDDO         
  C:0956H         LINE#         13
  C:0956H         LINE#         14
  C:0956H         LINE#         16
  C:0966H         LINE#         17
  C:097BH         LINE#         18
  -------         ENDPROC       _DELAY_MS
  -------         PROC          _SHOW
  D:0007H         SYMBOL        sec
  D:0005H         SYMBOL        ms
  -------         DO            
  D:0006H         SYMBOL        s1
  D:0015H         SYMBOL        s2
  D:0016H         SYMBOL        ms1
  D:0001H         SYMBOL        ms2
  -------         ENDDO         
  C:088CH         LINE#         19
  C:088CH         LINE#         20
  C:088CH         LINE#         22
  C:089AH         LINE#         23
  C:08A8H         LINE#         24
  C:08BCH         LINE#         25
  C:08CBH         LINE#         26
  C:08DAH         LINE#         27
  C:08ECH         LINE#         28
  -------         ENDPROC       _SHOW
  -------         PROC          MAIN
  -------         DO            
  D:0012H         SYMBOL        sec
  D:0013H         SYMBOL        ms
  D:0014H         SYMBOL        ok
  -------         ENDDO         
  C:08F1H         LINE#         31
  C:08F1H         LINE#         32
BL51 BANKED LINKER/LOCATER V6.22.2.0                                                  05/04/2020  07:48:15  PAGE 3


  C:08F1H         LINE#         33
  C:08F8H         LINE#         34
  C:08FAH         LINE#         35
  C:08FAH         LINE#         36
  C:08FAH         LINE#         37
  C:08FCH         LINE#         38
  C:08FFH         LINE#         39
  C:08FFH         LINE#         40
  C:0908H         LINE#         41
  C:090BH         LINE#         42
  C:090BH         LINE#         43
  C:090EH         LINE#         44
  C:090EH         LINE#         45
  C:0913H         LINE#         46
  C:0913H         LINE#         47
  C:091AH         LINE#         48
  C:0920H         LINE#         49
  C:0923H         LINE#         50
  C:0923H         LINE#         51
  C:0925H         LINE#         52
  C:092CH         LINE#         53
  C:092CH         LINE#         54
  C:092FH         LINE#         55
  C:092FH         LINE#         56
  C:0931H         LINE#         57
  C:0938H         LINE#         58
  C:0938H         LINE#         59
  C:093EH         LINE#         60
  C:093EH         LINE#         61
  C:0940H         LINE#         62
  C:0942H         LINE#         63
  C:0942H         LINE#         64
  C:094AH         LINE#         65
  C:0954H         LINE#         66
  -------         ENDPROC       MAIN
  -------         ENDMOD        MAIN

******************************************************************************
* RESTRICTED VERSION WITH 0800H BYTE CODE SIZE LIMIT; USED: 00FCH BYTE (12%) *
******************************************************************************

Program Size: data=24.0 xdata=0 code=396
LINK/LOCATE RUN COMPLETE.  0 WARNING(S),  0 ERROR(S)
